23:14:42 **** Incremental Build of configuration Release for project hello_world ****
make all 
make --no-print-directory pre-build
a9-linaro-pre-build-step
' '
make --no-print-directory main-build
'Building file: ../src/helloworld.c'
'Invoking: ARM v7 gcc compiler'
arm-none-eabi-gcc -Wall -O2 -c -fmessage-length=0 -MT"src/helloworld.o" -mcpu=cortex-a9 -mfpu=vfpv3 -mfloat-abi=hard -ID:/study/git_study/workspace/design_1_wrapper/export/design_1_wrapper/sw/design_1_wrapper/standalone_domain/bspinclude/include -MMD -MP -MF"src/helloworld.d" -MT"src/helloworld.o" -o "src/helloworld.o" "../src/helloworld.c"
../src/helloworld.c: In function 'main':
../src/helloworld.c:59:6: warning: implicit declaration of function 'sleep'; did you mean 'strsep'? [-Wimplicit-function-declaration]
      sleep(1);
      ^~~~~
      strsep
'Finished building: ../src/helloworld.c'
' '
'Building target: hello_world.elf'
'Invoking: ARM v7 gcc linker'
arm-none-eabi-gcc -mcpu=cortex-a9 -mfpu=vfpv3 -mfloat-abi=hard -Wl,-build-id=none -specs=Xilinx.spec -Wl,-T -Wl,../src/lscript.ld -LD:/study/git_study/workspace/design_1_wrapper/export/design_1_wrapper/sw/design_1_wrapper/standalone_domain/bsplib/lib -o "hello_world.elf"  ./src/helloworld.o ./src/platform.o   -Wl,--start-group,-lxil,-lgcc,-lc,--end-group
'Finished building target: hello_world.elf'
' '
'Invoking: ARM v7 Print Size'
arm-none-eabi-size hello_world.elf  |tee "hello_world.elf.size"
   text	   data	    bss	    dec	    hex	filename
  19120	   1144	  22568	  42832	   a750	hello_world.elf
'Finished building: hello_world.elf.size'
' '

23:14:45 Build Finished (took 2s.469ms)

